MPLINK 5.08, LINKER
Linker Map File - Created Wed Mar 23 23:29:48 2016

                                 Section Info
                  Section       Type    Address   Location Size(Bytes)
                ---------  ---------  ---------  ---------  ---------
                     Res_       code   0x000000    program   0x000006
                     Int_       code   0x000004    program   0x0000a8
                   .cinit    romdata   0x000058    program   0x000004
                  STARTUP       code   0x00005a    program   0x000102
.config_2007_BUILD/DEFAULT/PRODUCTION/MAIN.O       code   0x002007    program   0x000002
.config_2008_BUILD/DEFAULT/PRODUCTION/MAIN.O       code   0x002008    program   0x000002
                  EEHELLO       code   0x002100    program   0x00002c
                   .udata      udata   0x000020       data   0x000008
                     gpr0      udata   0x000028       data   0x000003
              SHARED_DATA      udata   0x000070       data   0x000001



                              Program Memory Usage 
                               Start         End      
                           ---------   ---------      
                            0x000000    0x000002      
                            0x000004    0x0000da      
                            0x002007    0x002008      
                            0x002100    0x002115      
            242 out of 8455 program addresses used, program memory utilization is 2%



                              Symbols - Sorted by Name
                     Name    Address   Location    Storage File                     
                ---------  ---------  ---------  --------- ---------                
                   EERead   0x000040    program     static D:\Microchip\main.asm    
               EEReadData   0x0000ca    program     extern D:\Microchip\e2prom.asm  
                      ISR   0x00000d    program     static D:\Microchip\main.asm    
                     Init   0x000034    program     static D:\Microchip\main.asm    
                LedTurnOn   0x00005a    program     extern D:\Microchip\ledarray8.asm
                    Start   0x00003c    program     static D:\Microchip\main.asm    
           UartCheckError   0x0000b6    program     static D:\Microchip\uart_hardware.asm
           UartCheckFrame   0x0000a3    program     static D:\Microchip\uart_hardware.asm
         UartCheckOverrun   0x0000ac    program     static D:\Microchip\uart_hardware.asm
                 UartExit   0x0000c9    program     static D:\Microchip\uart_hardware.asm
              UartGetChar   0x000093    program     extern D:\Microchip\uart_hardware.asm
                 UartInit   0x00006b    program     extern D:\Microchip\uart_hardware.asm
              UartPutChar   0x000086    program     extern D:\Microchip\uart_hardware.asm
             UartReadByte   0x0000c5    program     static D:\Microchip\uart_hardware.asm
           UartReturnData   0x000028    program     static D:\Microchip\main.asm    
               _Int__0016   0x000016    program     static D:\Microchip\main.asm    
               _Int__001B   0x00001b    program     static D:\Microchip\main.asm    
               _Int__0031   0x000031    program     static D:\Microchip\main.asm    
               _Int__0037   0x000037    program     static D:\Microchip\main.asm    
               _Int__0043   0x000043    program     static D:\Microchip\main.asm    
               _Int__004A   0x00004a    program     static D:\Microchip\main.asm    
               _Int__0052   0x000052    program     static D:\Microchip\main.asm    
                     _fsr   0x00002a       data     static D:\Microchip\main.asm    
                  _pclath   0x000029       data     static D:\Microchip\main.asm    
                  _status   0x000028       data     static D:\Microchip\main.asm    
                    _work   0x000070       data     static D:\Microchip\main.asm    
             ee_addr_data   0x000024       data     extern D:\Microchip\e2prom.asm  
            ee_addrh_data   0x000025       data     extern D:\Microchip\e2prom.asm  
                  ee_data   0x000026       data     extern D:\Microchip\e2prom.asm  
                 ee_datah   0x000027       data     extern D:\Microchip\e2prom.asm  
                 led_temp   0x000020       data     extern D:\Microchip\ledarray8.asm
             uart_data_in   0x000022       data     extern D:\Microchip\uart_hardware.asm
            uart_data_out   0x000021       data     extern D:\Microchip\uart_hardware.asm
               uart_error   0x000023       data     extern D:\Microchip\uart_hardware.asm



                              Symbols - Sorted by Address
                     Name    Address   Location    Storage File                     
                ---------  ---------  ---------  --------- ---------                
                      ISR   0x00000d    program     static D:\Microchip\main.asm    
               _Int__0016   0x000016    program     static D:\Microchip\main.asm    
               _Int__001B   0x00001b    program     static D:\Microchip\main.asm    
           UartReturnData   0x000028    program     static D:\Microchip\main.asm    
               _Int__0031   0x000031    program     static D:\Microchip\main.asm    
                     Init   0x000034    program     static D:\Microchip\main.asm    
               _Int__0037   0x000037    program     static D:\Microchip\main.asm    
                    Start   0x00003c    program     static D:\Microchip\main.asm    
                   EERead   0x000040    program     static D:\Microchip\main.asm    
               _Int__0043   0x000043    program     static D:\Microchip\main.asm    
               _Int__004A   0x00004a    program     static D:\Microchip\main.asm    
               _Int__0052   0x000052    program     static D:\Microchip\main.asm    
                LedTurnOn   0x00005a    program     extern D:\Microchip\ledarray8.asm
                 UartInit   0x00006b    program     extern D:\Microchip\uart_hardware.asm
              UartPutChar   0x000086    program     extern D:\Microchip\uart_hardware.asm
              UartGetChar   0x000093    program     extern D:\Microchip\uart_hardware.asm
           UartCheckFrame   0x0000a3    program     static D:\Microchip\uart_hardware.asm
         UartCheckOverrun   0x0000ac    program     static D:\Microchip\uart_hardware.asm
           UartCheckError   0x0000b6    program     static D:\Microchip\uart_hardware.asm
             UartReadByte   0x0000c5    program     static D:\Microchip\uart_hardware.asm
                 UartExit   0x0000c9    program     static D:\Microchip\uart_hardware.asm
               EEReadData   0x0000ca    program     extern D:\Microchip\e2prom.asm  
                 led_temp   0x000020       data     extern D:\Microchip\ledarray8.asm
            uart_data_out   0x000021       data     extern D:\Microchip\uart_hardware.asm
             uart_data_in   0x000022       data     extern D:\Microchip\uart_hardware.asm
               uart_error   0x000023       data     extern D:\Microchip\uart_hardware.asm
             ee_addr_data   0x000024       data     extern D:\Microchip\e2prom.asm  
            ee_addrh_data   0x000025       data     extern D:\Microchip\e2prom.asm  
                  ee_data   0x000026       data     extern D:\Microchip\e2prom.asm  
                 ee_datah   0x000027       data     extern D:\Microchip\e2prom.asm  
                  _status   0x000028       data     static D:\Microchip\main.asm    
                  _pclath   0x000029       data     static D:\Microchip\main.asm    
                     _fsr   0x00002a       data     static D:\Microchip\main.asm    
                    _work   0x000070       data     static D:\Microchip\main.asm    


