MPLINK 5.08, LINKER
Linker Map File - Created Fri Mar 25 20:07:10 2016

                                 Section Info
                  Section       Type    Address   Location Size(Bytes)
                ---------  ---------  ---------  ---------  ---------
                     Res_       code   0x000000    program   0x000006
                     Int_       code   0x000004    program   0x0000d4
                   .cinit    romdata   0x00006e    program   0x000004
                  STARTUP       code   0x000070    program   0x00017c
.config_2007_BUILD/DEFAULT/PRODUCTION/MAIN.O       code   0x002007    program   0x000002
.config_2008_BUILD/DEFAULT/PRODUCTION/MAIN.O       code   0x002008    program   0x000002
                  EEHELLO       code   0x002100    program   0x00002c
                   .udata      udata   0x000020       data   0x000009
                     gpr0      udata   0x000029       data   0x000003
              SHARED_DATA      udata   0x000070       data   0x000001



                              Program Memory Usage 
                               Start         End      
                           ---------   ---------      
                            0x000000    0x000002      
                            0x000004    0x00012d      
                            0x002007    0x002008      
                            0x002100    0x002115      
            325 out of 8455 program addresses used, program memory utilization is 3%



                              Symbols - Sorted by Name
                     Name    Address   Location    Storage File                     
                ---------  ---------  ---------  --------- ---------                
                   EEExit   0x00012c    program     static D:\PIC16F887\e2prom.asm  
                   EERead   0x000034    program     static D:\PIC16F887\main.asm    
               EEReadData   0x0000ec    program     extern D:\PIC16F887\e2prom.asm  
                  EEWrite   0x00004e    program     static D:\PIC16F887\main.asm    
             EEWriteCheck   0x000115    program     static D:\PIC16F887\e2prom.asm  
              EEWriteData   0x0000fd    program     extern D:\PIC16F887\e2prom.asm  
             EEWriteError   0x00011c    program     static D:\PIC16F887\e2prom.asm  
                  EEerror   0x000125    program     static D:\PIC16F887\e2prom.asm  
                      ISR   0x00000d    program     static D:\PIC16F887\main.asm    
                     Init   0x000028    program     static D:\PIC16F887\main.asm    
                LedTurnOn   0x000070    program     extern D:\PIC16F887\ledarray8.asm
                    Start   0x000030    program     static D:\PIC16F887\main.asm    
           UartCheckError   0x0000cc    program     static D:\PIC16F887\uart_hardware.asm
           UartCheckFrame   0x0000b9    program     static D:\PIC16F887\uart_hardware.asm
         UartCheckOverrun   0x0000c2    program     static D:\PIC16F887\uart_hardware.asm
                 UartExit   0x0000df    program     static D:\PIC16F887\uart_hardware.asm
              UartGetChar   0x0000a9    program     extern D:\PIC16F887\uart_hardware.asm
                 UartInit   0x000081    program     extern D:\PIC16F887\uart_hardware.asm
              UartPutChar   0x00009c    program     extern D:\PIC16F887\uart_hardware.asm
             UartReadByte   0x0000db    program     static D:\PIC16F887\uart_hardware.asm
           UartReturnData   0x0000e0    program     extern D:\PIC16F887\uart_hardware.asm
               _Int__0016   0x000016    program     static D:\PIC16F887\main.asm    
               _Int__001B   0x00001b    program     static D:\PIC16F887\main.asm    
               _Int__002B   0x00002b    program     static D:\PIC16F887\main.asm    
               _Int__0037   0x000037    program     static D:\PIC16F887\main.asm    
               _Int__0048   0x000048    program     static D:\PIC16F887\main.asm    
               _Int__0059   0x000059    program     static D:\PIC16F887\main.asm    
               _Int__0062   0x000062    program     static D:\PIC16F887\main.asm    
               _Int__006B   0x00006b    program     static D:\PIC16F887\main.asm    
               _Int__006D   0x00006d    program     static D:\PIC16F887\main.asm    
            _STARTUP_0068   0x0000e9    program     static D:\PIC16F887\uart_hardware.asm
                     _fsr   0x00002b       data     static D:\PIC16F887\main.asm    
                  _pclath   0x00002a       data     static D:\PIC16F887\main.asm    
                  _status   0x000029       data     static D:\PIC16F887\main.asm    
                    _work   0x000070       data     static D:\PIC16F887\main.asm    
             ee_addr_data   0x000024       data     extern D:\PIC16F887\e2prom.asm  
            ee_addrh_data   0x000025       data     extern D:\PIC16F887\e2prom.asm  
                  ee_data   0x000026       data     extern D:\PIC16F887\e2prom.asm  
                 ee_datah   0x000027       data     extern D:\PIC16F887\e2prom.asm  
             eeprom_error   0x000028       data     extern D:\PIC16F887\e2prom.asm  
                 led_temp   0x000020       data     extern D:\PIC16F887\ledarray8.asm
             uart_data_in   0x000022       data     extern D:\PIC16F887\uart_hardware.asm
            uart_data_out   0x000021       data     extern D:\PIC16F887\uart_hardware.asm
               uart_error   0x000023       data     extern D:\PIC16F887\uart_hardware.asm



                              Symbols - Sorted by Address
                     Name    Address   Location    Storage File                     
                ---------  ---------  ---------  --------- ---------                
                      ISR   0x00000d    program     static D:\PIC16F887\main.asm    
               _Int__0016   0x000016    program     static D:\PIC16F887\main.asm    
               _Int__001B   0x00001b    program     static D:\PIC16F887\main.asm    
                     Init   0x000028    program     static D:\PIC16F887\main.asm    
               _Int__002B   0x00002b    program     static D:\PIC16F887\main.asm    
                    Start   0x000030    program     static D:\PIC16F887\main.asm    
                   EERead   0x000034    program     static D:\PIC16F887\main.asm    
               _Int__0037   0x000037    program     static D:\PIC16F887\main.asm    
               _Int__0048   0x000048    program     static D:\PIC16F887\main.asm    
                  EEWrite   0x00004e    program     static D:\PIC16F887\main.asm    
               _Int__0059   0x000059    program     static D:\PIC16F887\main.asm    
               _Int__0062   0x000062    program     static D:\PIC16F887\main.asm    
               _Int__006B   0x00006b    program     static D:\PIC16F887\main.asm    
               _Int__006D   0x00006d    program     static D:\PIC16F887\main.asm    
                LedTurnOn   0x000070    program     extern D:\PIC16F887\ledarray8.asm
                 UartInit   0x000081    program     extern D:\PIC16F887\uart_hardware.asm
              UartPutChar   0x00009c    program     extern D:\PIC16F887\uart_hardware.asm
              UartGetChar   0x0000a9    program     extern D:\PIC16F887\uart_hardware.asm
           UartCheckFrame   0x0000b9    program     static D:\PIC16F887\uart_hardware.asm
         UartCheckOverrun   0x0000c2    program     static D:\PIC16F887\uart_hardware.asm
           UartCheckError   0x0000cc    program     static D:\PIC16F887\uart_hardware.asm
             UartReadByte   0x0000db    program     static D:\PIC16F887\uart_hardware.asm
                 UartExit   0x0000df    program     static D:\PIC16F887\uart_hardware.asm
           UartReturnData   0x0000e0    program     extern D:\PIC16F887\uart_hardware.asm
            _STARTUP_0068   0x0000e9    program     static D:\PIC16F887\uart_hardware.asm
               EEReadData   0x0000ec    program     extern D:\PIC16F887\e2prom.asm  
              EEWriteData   0x0000fd    program     extern D:\PIC16F887\e2prom.asm  
             EEWriteCheck   0x000115    program     static D:\PIC16F887\e2prom.asm  
             EEWriteError   0x00011c    program     static D:\PIC16F887\e2prom.asm  
                  EEerror   0x000125    program     static D:\PIC16F887\e2prom.asm  
                   EEExit   0x00012c    program     static D:\PIC16F887\e2prom.asm  
                 led_temp   0x000020       data     extern D:\PIC16F887\ledarray8.asm
            uart_data_out   0x000021       data     extern D:\PIC16F887\uart_hardware.asm
             uart_data_in   0x000022       data     extern D:\PIC16F887\uart_hardware.asm
               uart_error   0x000023       data     extern D:\PIC16F887\uart_hardware.asm
             ee_addr_data   0x000024       data     extern D:\PIC16F887\e2prom.asm  
            ee_addrh_data   0x000025       data     extern D:\PIC16F887\e2prom.asm  
                  ee_data   0x000026       data     extern D:\PIC16F887\e2prom.asm  
                 ee_datah   0x000027       data     extern D:\PIC16F887\e2prom.asm  
             eeprom_error   0x000028       data     extern D:\PIC16F887\e2prom.asm  
                  _status   0x000029       data     static D:\PIC16F887\main.asm    
                  _pclath   0x00002a       data     static D:\PIC16F887\main.asm    
                     _fsr   0x00002b       data     static D:\PIC16F887\main.asm    
                    _work   0x000070       data     static D:\PIC16F887\main.asm    


